// Jest Snapshot v1, https://goo.gl/fbAQLP

exports[`TodoPage should render 1`] = `
<div>
  <form
    class="flex flex-col items-center space-y-2"
  >
    <input
      class="text-black flex rounded-lg px-1 py-1 bg-grey-100 peer block"
      disabled=""
      name="id"
      placeholder="ID"
    />
    <input
      class="text-black flex rounded-lg px-1 py-1"
      name="title"
      placeholder="Title"
    />
    <div
      errors="[object Object]"
      name="title"
    />
    <input
      data-testid="submit"
      type="submit"
    />
  </form>
</div>
`;
