// Jest Snapshot v1, https://goo.gl/fbAQLP

exports[`TodoPage should render 1`] = `
<div>
  <form
    class="flex flex-col items-center space-y-2"
  >
    <input
      class="text-black flex rounded-lg px-1 py-1 bg-grey-100 peer block"
      disabled=""
      name="id"
      placeholder="ID"
    />
    <input
      class="text-black flex rounded-lg px-1 py-1"
      name="title"
      placeholder="Title"
    />
    <button
      class="text-white bg-blue-700 font-medium rounded-lg text-sm px-5 py-2.5"
      type="submit"
    >
      Confirm
    </button>
  </form>
</div>
`;
